2025-12-08 10:58:23,997 [INFO] Starting train task with config: configs/aiot.yaml
2025-12-08 10:58:24,018 [INFO] Using device: cpu
2025-12-08 10:58:24,644 [INFO] Model parameters: {'total': 45757995, 'trainable': 45757995}
2025-12-08 10:58:24,661 [INFO] Loaded 80 samples for train split
2025-12-08 10:58:24,661 [INFO] Class distribution: {'diffusion': 40, 'spliced': 40}
2025-12-08 10:58:24,680 [INFO] Loaded 108 samples for test split
2025-12-08 10:58:24,680 [INFO] Class distribution: {'authentic': 10, 'diffusion': 60, 'spliced': 38}
2025-12-08 10:58:24,682 [INFO] Data loaders created: Train: 20, Val: 27
2025-12-08 11:01:13,420 [INFO] Starting eval task with config: configs/aiot.yaml
2025-12-08 11:01:13,423 [INFO] Using device: cpu
2025-12-08 11:01:13,868 [INFO] Model parameters: {'total': 45757995, 'trainable': 45757995}
2025-12-08 11:01:13,877 [INFO] Loaded 80 samples for train split
2025-12-08 11:01:13,877 [INFO] Class distribution: {'diffusion': 40, 'spliced': 40}
2025-12-08 11:01:13,886 [INFO] Loaded 108 samples for test split
2025-12-08 11:01:13,886 [INFO] Class distribution: {'authentic': 10, 'diffusion': 60, 'spliced': 38}
2025-12-08 11:01:13,887 [INFO] Data loaders created: Train: 20, Val: 27
2025-12-08 11:01:34,121 [INFO] Starting test task with config: configs/aiot.yaml
2025-12-08 11:01:34,121 [INFO] Using device: cpu
2025-12-08 11:01:34,507 [INFO] Model parameters: {'total': 45757995, 'trainable': 45757995}
2025-12-08 11:01:34,507 [INFO] Loaded 80 samples for train split
2025-12-08 11:01:34,507 [INFO] Class distribution: {'diffusion': 40, 'spliced': 40}
2025-12-08 11:01:34,525 [INFO] Loaded 108 samples for test split
2025-12-08 11:01:34,525 [INFO] Class distribution: {'authentic': 10, 'diffusion': 60, 'spliced': 38}
2025-12-08 11:01:34,527 [INFO] Data loaders created: Train: 20, Val: 27
2025-12-08 11:01:34,527 [INFO] Testing model with sample data...
2025-12-08 11:14:28,216 [INFO] Starting test task with config: configs/aiot.yaml
2025-12-08 11:14:28,221 [INFO] Using device: cpu
2025-12-08 11:14:28,604 [INFO] Model parameters: {'total': 45757995, 'trainable': 45757995}
2025-12-08 11:14:28,673 [INFO] Loaded 80 samples for train split
2025-12-08 11:14:28,673 [INFO] Class distribution: {'diffusion': 40, 'spliced': 40}
2025-12-08 11:14:28,677 [INFO] Loaded 108 samples for test split
2025-12-08 11:14:28,677 [INFO] Class distribution: {'authentic': 10, 'diffusion': 60, 'spliced': 38}
2025-12-08 11:14:28,677 [INFO] Data loaders created: Train: 20, Val: 27
2025-12-08 11:14:28,677 [INFO] Testing model with sample data...
